[debug] [2026-09-30T18:35:37.565Z] ----------------------------------------------------------------------
[debug] [2026-09-30T18:35:37.572Z] Command:       C:\Program Files\nodejs\node.exe C:\Users\Ashok\AppData\Local\npm-cache\_npx\7750544ccf494d8b\node_modules\firebase-tools\lib\bin\firebase.js deploy --only hosting --project netamps-load-bal
[debug] [2026-09-30T18:35:37.579Z] CLI Version:   15.32.0
[debug] [2026-09-30T18:35:37.580Z] Platform:      win32
[debug] [2026-09-30T18:35:37.581Z] Node Version:  v24.19.0
[debug] [2026-09-30T18:35:37.581Z] Detected Agent: antigravity
[debug] [2026-09-30T18:35:37.582Z] Time:          Thu Oct 01 2026 00:05:37 GMT+0530 (India Standard Time)
[debug] [2026-09-30T18:35:37.582Z] ----------------------------------------------------------------------
[debug] 
[debug] [2026-09-30T18:37:47.715Z] > command requires scopes: ["email","openid","https://www.googleapis.com/auth/cloudplatformprojects.readonly","https://www.googleapis.com/auth/firebase","https://www.googleapis.com/auth/cloud-platform"]
[debug] [2026-09-30T18:37:47.717Z] > authorizing via signed-in user (netamps.blr@gmail.com)
[debug] [2026-09-30T18:37:47.718Z] [iam] checking project netamps-load-bal for permissions ["firebase.projects.get","firebasehosting.sites.update"]
[debug] [2026-09-30T18:37:48.108Z] Checked if tokens are valid: false, expires at: 1790754629709
[debug] [2026-09-30T18:37:48.109Z] Checked if tokens are valid: false, expires at: 1790754629709
[debug] [2026-09-30T18:37:48.110Z] > refreshing access token with scopes: []
[debug] [2026-09-30T18:37:48.157Z] >>> [apiv2][query] POST https://www.googleapis.com/oauth2/v3/token [none]
[debug] [2026-09-30T18:37:48.158Z] >>> [apiv2][body] POST https://www.googleapis.com/oauth2/v3/token [omitted]
[debug] [2026-09-30T18:37:59.007Z] *** [apiv2] error from fetch(https://www.googleapis.com/oauth2/v3/token, {"headers":{},"method":"POST","body":{"type":"Buffer","data":[45,45,45,45,45,45,45,45,45,45,45,45,45,45,45,45,45,45,45,45,45,45,45,45,45,45,45,45,56,48,101,55,98,98,54,48,49,52,54,98,57,49,49,57,97,52,55,56,55,54,100,53,13,10,67,111,110,116,101,110,116,45,68,105,115,112,111,115,105,116,105,111,110,58,32,102,111,114,109,45,100,97,116,97,59,32,110,97,109,101,61,34,114,101,102,114,101,115,104,95,116,111,107,101,110,34,13,10,13,10,49,47,47,48,103,112,111,110,79,97,45,90,108,67,116,83,67,103,89,73,65,82,65,65,71,66,65,83,78,119,70,45,76,57,73,114,110,53,113,71,108,110,86,121,107,71,101,69,113,54,121,119,84,72,117,83,71,101,70,79,122,66,65,90,113,87,79,107,100,100,69,103,79,45,80,45,111,107,76,104,98,86,121,54,85,69,48,121,112,119,117,89,84,78,72,100,77,65,67,120,121,120,115,13,10,45,45,45,45,45,45,45,45,45,45,45,45,45,45,45,45,45,45,45,45,45,45,45,45,45,45,45,45,56,48,101,55,98,98,54,48,49,52,54,98,57,49,49,57,97,52,55,56,55,54,100,53,13,10,67,111,110,116,101,110,116,45,68,105,115,112,111,115,105,116,105,111,110,58,32,102,111,114,109,45,100,97,116,97,59,32,110,97,109,101,61,34,99,108,105,101,110,116,95,105,100,34,13,10,13,10,53,54,51,53,56,52,51,51,53,56,54,57,45,102,103,114,104,103,109,100,52,55,98,113,110,101,107,105,106,53,105,56,98,53,112,114,48,51,104,111,56,52,57,101,54,46,97,112,112,115,46,103,111,111,103,108,101,117,115,101,114,99,111,110,116,101,110,116,46,99,111,109,13,10,45,45,45,45,45,45,45,45,45,45,45,45,45,45,45,45,45,45,45,45,45,45,45,45,45,45,45,45,56,48,101,55,98,98,54,48,49,52,54,98,57,49,49,57,97,52,55,56,55,54,100,53,13,10,67,111,110,116,101,110,116,45,68,105,115,112,111,115,105,116,105,111,110,58,32,102,111,114,109,45,100,97,116,97,59,32,110,97,109,101,61,34,99,108,105,101,110,116,95,115,101,99,114,101,116,34,13,10,13,10,106,57,105,86,90,102,83,56,107,107,67,69,70,85,80,97,65,101,74,86,48,115,65,105,13,10,45,45,45,45,45,45,45,45,45,45,45,45,45,45,45,45,45,45,45,45,45,45,45,45,45,45,45,45,56,48,101,55,98,98,54,48,49,52,54,98,57,49,49,57,97,52,55,56,55,54,100,53,13,10,67,111,110,116,101,110,116,45,68,105,115,112,111,115,105,116,105,111,110,58,32,102,111,114,109,45,100,97,116,97,59,32,110,97,109,101,61,34,103,114,97,110,116,95,116,121,112,101,34,13,10,13,10,114,101,102,114,101,115,104,95,116,111,107,101,110,13,10,45,45,45,45,45,45,45,45,45,45,45,45,45,45,45,45,45,45,45,45,45,45,45,45,45,45,45,45,56,48,101,55,98,98,54,48,49,52,54,98,57,49,49,57,97,52,55,56,55,54,100,53,13,10,67,111,110,116,101,110,116,45,68,105,115,112,111,115,105,116,105,111,110,58,32,102,111,114,109,45,100,97,116,97,59,32,110,97,109,101,61,34,115,99,111,112,101,34,13,10,13,10,13,10,45,45,45,45,45,45,45,45,45,45,45,45,45,45,45,45,45,45,45,45,45,45,45,45,45,45,45,45,56,48,101,55,98,98,54,48,49,52,54,98,57,49,49,57,97,52,55,56,55,54,100,53,45,45,13,10]}}): ConnectTimeoutError: Connect Timeout Error (attempted address: www.googleapis.com:443, timeout: 10000ms)
[error] Authentication Error: Your credentials are no longer valid. Please run firebase login --reauth

For CI servers and headless environments, generate a new token with firebase login:ci
[debug] [2026-09-30T18:37:59.010Z] [iam] error while checking permissions, command may fail: Authentication Error: Your credentials are no longer valid. Please run firebase login --reauth

For CI servers and headless environments, generate a new token with firebase login:ci
[debug] [2026-09-30T18:37:59.013Z] Checked if tokens are valid: false, expires at: 1790754629709
[debug] [2026-09-30T18:37:59.013Z] Checked if tokens are valid: false, expires at: 1790754629709
[debug] [2026-09-30T18:37:59.013Z] > refreshing access token with scopes: []
[debug] [2026-09-30T18:37:59.017Z] >>> [apiv2][query] POST https://www.googleapis.com/oauth2/v3/token [none]
[debug] [2026-09-30T18:37:59.017Z] >>> [apiv2][body] POST https://www.googleapis.com/oauth2/v3/token [omitted]
[debug] [2026-09-30T18:38:00.482Z] *** [apiv2] error from fetch(https://www.googleapis.com/oauth2/v3/token, {"headers":{},"method":"POST","body":{"type":"Buffer","data":[45,45,45,45,45,45,45,45,45,45,45,45,45,45,45,45,45,45,45,45,45,45,45,45,45,45,45,45,102,53,57,55,97,49,102,53,98,99,54,97,53,49,50,54,53,101,57,102,52,51,98,50,13,10,67,111,110,116,101,110,116,45,68,105,115,112,111,115,105,116,105,111,110,58,32,102,111,114,109,45,100,97,116,97,59,32,110,97,109,101,61,34,114,101,102,114,101,115,104,95,116,111,107,101,110,34,13,10,13,10,49,47,47,48,103,112,111,110,79,97,45,90,108,67,116,83,67,103,89,73,65,82,65,65,71,66,65,83,78,119,70,45,76,57,73,114,110,53,113,71,108,110,86,121,107,71,101,69,113,54,121,119,84,72,117,83,71,101,70,79,122,66,65,90,113,87,79,107,100,100,69,103,79,45,80,45,111,107,76,104,98,86,121,54,85,69,48,121,112,119,117,89,84,78,72,100,77,65,67,120,121,120,115,13,10,45,45,45,45,45,45,45,45,45,45,45,45,45,45,45,45,45,45,45,45,45,45,45,45,45,45,45,45,102,53,57,55,97,49,102,53,98,99,54,97,53,49,50,54,53,101,57,102,52,51,98,50,13,10,67,111,110,116,101,110,116,45,68,105,115,112,111,115,105,116,105,111,110,58,32,102,111,114,109,45,100,97,116,97,59,32,110,97,109,101,61,34,99,108,105,101,110,116,95,105,100,34,13,10,13,10,53,54,51,53,56,52,51,51,53,56,54,57,45,102,103,114,104,103,109,100,52,55,98,113,110,101,107,105,106,53,105,56,98,53,112,114,48,51,104,111,56,52,57,101,54,46,97,112,112,115,46,103,111,111,103,108,101,117,115,101,114,99,111,110,116,101,110,116,46,99,111,109,13,10,45,45,45,45,45,45,45,45,45,45,45,45,45,45,45,45,45,45,45,45,45,45,45,45,45,45,45,45,102,53,57,55,97,49,102,53,98,99,54,97,53,49,50,54,53,101,57,102,52,51,98,50,13,10,67,111,110,116,101,110,116,45,68,105,115,112,111,115,105,116,105,111,110,58,32,102,111,114,109,45,100,97,116,97,59,32,110,97,109,101,61,34,99,108,105,101,110,116,95,115,101,99,114,101,116,34,13,10,13,10,106,57,105,86,90,102,83,56,107,107,67,69,70,85,80,97,65,101,74,86,48,115,65,105,13,10,45,45,45,45,45,45,45,45,45,45,45,45,45,45,45,45,45,45,45,45,45,45,45,45,45,45,45,45,102,53,57,55,97,49,102,53,98,99,54,97,53,49,50,54,53,101,57,102,52,51,98,50,13,10,67,111,110,116,101,110,116,45,68,105,115,112,111,115,105,116,105,111,110,58,32,102,111,114,109,45,100,97,116,97,59,32,110,97,109,101,61,34,103,114,97,110,116,95,116,121,112,101,34,13,10,13,10,114,101,102,114,101,115,104,95,116,111,107,101,110,13,10,45,45,45,45,45,45,45,45,45,45,45,45,45,45,45,45,45,45,45,45,45,45,45,45,45,45,45,45,102,53,57,55,97,49,102,53,98,99,54,97,53,49,50,54,53,101,57,102,52,51,98,50,13,10,67,111,110,116,101,110,116,45,68,105,115,112,111,115,105,116,105,111,110,58,32,102,111,114,109,45,100,97,116,97,59,32,110,97,109,101,61,34,115,99,111,112,101,34,13,10,13,10,13,10,45,45,45,45,45,45,45,45,45,45,45,45,45,45,45,45,45,45,45,45,45,45,45,45,45,45,45,45,102,53,57,55,97,49,102,53,98,99,54,97,53,49,50,54,53,101,57,102,52,51,98,50,45,45,13,10]}}): Error: getaddrinfo ENOTFOUND www.googleapis.com
[error] Authentication Error: Your credentials are no longer valid. Please run firebase login --reauth

For CI servers and headless environments, generate a new token with firebase login:ci
[debug] [2026-09-30T18:38:00.483Z] Authentication Error: Your credentials are no longer valid. Please run firebase login --reauth

For CI servers and headless environments, generate a new token with firebase login:ci
[error] 
[error] Error: Assertion failed: resolving hosting target of a site with no site name or target name. This should have caused an error earlier
